---
source: rbx_types/src/attributes.rs
expression: attributes
---
NumberSequence:
  Type: NumberSequence
  Value:
    Keypoints:
      - Time: 0.0
        Value: 1.0
        Envelope: 0.0
      - Time: 0.5
        Value: 0.0
        Envelope: 0.0
      - Time: 1.0
        Value: 1.0
        Envelope: 0.0
"NaN":
  Type: Float64
  Value: .nan
ColorSequence:
  Type: ColorSequence
  Value:
    Keypoints:
      - Time: 0.0
        Color:
          - 1.0
          - 0.0
          - 0.0
      - Time: 0.5
        Color:
          - 0.0
          - 1.0
          - 0.0
      - Time: 1.0
        Color:
          - 0.0
          - 0.0
          - 1.0
Color3:
  Type: Color3
  Value:
    - 0.6352941393852234
    - 0.0
    - 1.0
Rect:
  Type: Rect
  Value:
    - - 1.0
      - 2.0
    - - 3.0
      - 4.0
Vector2:
  Type: Vector2
  Value:
    - 10.0
    - 50.0
Infinity:
  Type: Float64
  Value: .inf
Vector3:
  Type: Vector3
  Value:
    - 1.0
    - 2.0
    - 3.0
UDim2:
  Type: UDim2
  Value:
    - - 0.5
      - 10
    - - 0.699999988079071
      - 30
UDim:
  Type: UDim
  Value:
    - 0.5
    - 100
Number:
  Type: Float64
  Value: 12345.0
String:
  Type: String
  Value: "Hello, world!"
BrickColor:
  Type: BrickColor
  Value: 1004
Boolean:
  Type: Bool
  Value: true
NumberRange:
  Type: NumberRange
  Value:
    - 5.0
    - 10.0
